ecasanes@Ernests-Macbook-Pro simpleweb % docker build -t ecasanes/node:0.0.1
"docker build" requires exactly 1 argument.
See 'docker build --help'.

Usage:  docker build [OPTIONS] PATH | URL | -

Build an image from a Dockerfile
ecasanes@Ernests-Macbook-Pro simpleweb % docker build -t ecasanes/node:0.0.1 .
Sending build context to Docker daemon  14.85kB
Error response from daemon: Cannot locate specified Dockerfile: Dockerfile
ecasanes@Ernests-Macbook-Pro simpleweb % docker version
Client: Docker Engine - Community
 Cloud integration  0.1.18
 Version:           19.03.13
 API version:       1.40
 Go version:        go1.13.15
 Git commit:        4484c46d9d
 Built:             Wed Sep 16 16:58:31 2020
 OS/Arch:           darwin/amd64
 Experimental:      false

Server: Docker Engine - Community
 Engine:
  Version:          19.03.13
  API version:      1.40 (minimum version 1.12)
  Go version:       go1.13.15
  Git commit:       4484c46d9d
  Built:            Wed Sep 16 17:07:04 2020
  OS/Arch:          linux/amd64
  Experimental:     false
ecasanes@Ernests-Macbook-Pro simpleweb % docker build -t ecasanes/node:0.0.1 .
Sending build context to Docker daemon  14.85kB
Step 1/3 : FROM alpine
latest: Pulling from library/alpine
df20fa9351a1: Pull complete 
Digest: sha256:185518070891758909c9f839cf4ca393ee977ac378609f700f60a771a2dfe321
Status: Downloaded newer image for alpine:latest
 ---> a24bb4013296
Step 2/3 : RUN npm install
 ---> Running in f70eb9147bda
/bin/sh: npm: not found
The command '/bin/sh -c npm install' returned a non-zero code: 127
ecasanes@Ernests-Macbook-Pro simpleweb % history
 1007  ls
 1008  clear
 1009  ls
 1010  cd simpleweb
 1011  code .
 1012  docker build -t ecasanes/node:0.0.1
 1013  docker build -t ecasanes/node:0.0.1 .
ecasanes@Ernests-Macbook-Pro simpleweb % git status
fatal: not a git repository (or any of the parent directories): .git
ecasanes@Ernests-Macbook-Pro simpleweb % git init
Initialized empty Git repository in /Users/ecasanes/Documents/Backend Workspace/docker-workspace/simpleweb/.git/
ecasanes@Ernests-Macbook-Pro simpleweb % git status
On branch master

No commits yet

Untracked files:
  (use "git add <file>..." to include in what will be committed)
        .termhis
        39-node-server-setup.zip
        Dockerfile
        index.js
        package.json

nothing added to commit but untracked files present (use "git add" to track)
ecasanes@Ernests-Macbook-Pro simpleweb % git status
On branch master

No commits yet

Untracked files:
  (use "git add <file>..." to include in what will be committed)
        .termhis
        39-node-server-setup.zip
        Dockerfile
        index.js
        package.json

nothing added to commit but untracked files present (use "git add" to track)
ecasanes@Ernests-Macbook-Pro simpleweb % git add . --all
ecasanes@Ernests-Macbook-Pro simpleweb % git status
On branch master

No commits yet

Changes to be committed:
  (use "git rm --cached <file>..." to unstage)
        new file:   .termhis
        new file:   39-node-server-setup.zip
        new file:   Dockerfile
        new file:   index.js
        new file:   package.json

ecasanes@Ernests-Macbook-Pro simpleweb % git commit -a -m "init docker simple web"
[master (root-commit) 3d4d705] init docker simple web
 5 files changed, 44 insertions(+)
 create mode 100644 .termhis
 create mode 100644 39-node-server-setup.zip
 create mode 100644 Dockerfile
 create mode 100644 index.js
 create mode 100644 package.json
ecasanes@Ernests-Macbook-Pro simpleweb % git status
On branch master
nothing to commit, working tree clean
ecasanes@Ernests-Macbook-Pro simpleweb % git status
On branch master
nothing to commit, working tree clean
ecasanes@Ernests-Macbook-Pro simpleweb % git status
On branch master
nothing to commit, working tree clean
ecasanes@Ernests-Macbook-Pro simpleweb % git remote add origin https://github.com/ecasanes/docker-simple-web.git
ecasanes@Ernests-Macbook-Pro simpleweb % git branch -M main
ecasanes@Ernests-Macbook-Pro simpleweb % git push -u origin main
Enumerating objects: 7, done.
Counting objects: 100% (7/7), done.
Delta compression using up to 4 threads
Compressing objects: 100% (7/7), done.
Writing objects: 100% (7/7), 1.49 KiB | 765.00 KiB/s, done.
Total 7 (delta 0), reused 0 (delta 0)
To https://github.com/ecasanes/docker-simple-web.git
 * [new branch]      main -> main
Branch 'main' set up to track remote branch 'main' from 'origin'.
ecasanes@Ernests-Macbook-Pro simpleweb % 